// Jest Snapshot v1, https://goo.gl/fbAQLP

exports[`Footer Inflatable 1`] = `<Footer />`;
