// Jest Snapshot v1, https://goo.gl/fbAQLP

exports[`DashboardNavigation Bar Inflatable 1`] = `<NavigationBar />`;
