// Jest Snapshot v1, https://goo.gl/fbAQLP

exports[`Services 1`] = `<Services />`;
