// Jest Snapshot v1, https://goo.gl/fbAQLP

exports[`Product Grid Inflatable 1`] = `
<ProductGrid
  count={4}
  link="/fake-link"
  productData={
    Array [
      Object {
        "id": "1234",
        "image": "250.png",
      },
    ]
  }
/>
`;
