// Jest Snapshot v1, https://goo.gl/fbAQLP

exports[`Store Locations Inflatable 1`] = `<StoreLocations />`;
