// Jest Snapshot v1, https://goo.gl/fbAQLP

exports[`Section Title Inflatable 1`] = `
<SectionTitle
  title="This is the title"
/>
`;
