// Jest Snapshot v1, https://goo.gl/fbAQLP

exports[`Featured Category Inflatable 1`] = `<FeaturedCategory />`;
